// Jest Snapshot v1, https://goo.gl/fbAQLP

exports[`Header component matches snapshot 1`] = `
<DocumentFragment>
  <nav
    class="h-14 p-3 bg-blue-300 text-gray-50"
  >
    <div
      class="flex flex-row justify-between md:w-5/6 mx-auto"
    >
      <a
        class="my-auto"
        href="/"
      >
        <div
          style="display: inline-block; max-width: 100%; overflow: hidden; position: relative; box-sizing: border-box; margin: 0px;"
        >
          <div
            style="box-sizing: border-box; display: block; max-width: 100%;"
          >
            <img
              alt=""
              aria-hidden="true"
              role="presentation"
              src="data:image/svg+xml;base64,PHN2ZyB3aWR0aD0iMzAiIGhlaWdodD0iMzAiIHhtbG5zPSJodHRwOi8vd3d3LnczLm9yZy8yMDAwL3N2ZyIgdmVyc2lvbj0iMS4xIi8+"
              style="max-width: 100%; display: block;"
            />
          </div>
          <img
            alt=""
            class="rounded-md"
            decoding="async"
            src="data:image/gif;base64,R0lGODlhAQABAIAAAAAAAP///yH5BAEAAAAALAAAAAABAAEAAAIBRAA7"
            style="visibility: hidden; position: absolute; top: 0px; left: 0px; bottom: 0px; right: 0px; box-sizing: border-box; padding: 0px; margin: auto; display: block; width: 0px; height: 0px; min-width: 100%; max-width: 100%; min-height: 100%; max-height: 100%;"
          />
        </div>
      </a>
      <button
        class="bg-gray-100 hover:bg-gray-300 text-gray-900 px-3 py-1 rounded-md"
      >
        Login
      </button>
    </div>
  </nav>
</DocumentFragment>
`;
