// Jest Snapshot v1, https://goo.gl/fbAQLP

exports[`Hero component matches snapshot 1`] = `
<DocumentFragment>
  <div>
    <h1
      class="text-2xl text-center py-3 mt-5 font-bold"
    >
      This is a test
    </h1>
    <p
      class="text-center pb-3"
    >
      Body
    </p>
    <div
      class="text-center"
    />
  </div>
</DocumentFragment>
`;
