// Jest Snapshot v1, https://goo.gl/fbAQLP

exports[`InfoCard component matches snapshot 1`] = `
<DocumentFragment>
  <div
    class="grid sm:grid-cols-2 shadow-md p-2 bg-white my-10 max-w-4xl mx-auto rounded-xl text-center justify-center align-middle"
  >
    <div
      style="display: inline-block; max-width: 100%; overflow: hidden; position: relative; box-sizing: border-box; margin: 0px;"
    >
      <div
        style="box-sizing: border-box; display: block; max-width: 100%;"
      >
        <img
          alt=""
          aria-hidden="true"
          role="presentation"
          src="data:image/svg+xml;base64,PHN2ZyB3aWR0aD0iNTAwIiBoZWlnaHQ9IjMwMCIgeG1sbnM9Imh0dHA6Ly93d3cudzMub3JnLzIwMDAvc3ZnIiB2ZXJzaW9uPSIxLjEiLz4="
          style="max-width: 100%; display: block;"
        />
      </div>
      <img
        alt=""
        class="p-1 mr-auto rounded-lg object-cover"
        decoding="async"
        src="data:image/gif;base64,R0lGODlhAQABAIAAAAAAAP///yH5BAEAAAAALAAAAAABAAEAAAIBRAA7"
        style="visibility: hidden; position: absolute; top: 0px; left: 0px; bottom: 0px; right: 0px; box-sizing: border-box; padding: 0px; margin: auto; display: block; width: 0px; height: 0px; min-width: 100%; max-width: 100%; min-height: 100%; max-height: 100%;"
      />
    </div>
    <div
      class="p-3 my-auto"
    >
      <h2
        class="text-lg mx-auto font-semibold mb-3"
      >
        This is a test
      </h2>
      <p
        class="mx-auto"
      >
        This is an image
      </p>
    </div>
  </div>
</DocumentFragment>
`;
