// Jest Snapshot v1, https://goo.gl/fbAQLP

exports[`LogoutButton component matches snapshot 1`] = `
<DocumentFragment>
  <button
    class="bg-gray-100 hover:bg-gray-300 text-gray-900 px-3 py-1 rounded-md"
  >
    Logout
  </button>
</DocumentFragment>
`;
