// Jest Snapshot v1, https://goo.gl/fbAQLP

exports[`NewTripForm component matches snapshot 1`] = `
<DocumentFragment>
  <form
    class="text-left"
  >
    <label
      class="block pb-1"
      for="city"
    >
      Name of city
    </label>
    <input
      class="px-2 py-1 shadow-md focus:ring-2 focus:outline-none rounded-md mr-3 mb-2 w-60"
      name="city"
      placeholder="London, Paris, Barcelona..."
    />
    <input
      class="px-2 py-1 bg-green-100 rounded-md shadow-md hover:bg-green-200 mb-4 cursor-pointer"
      type="submit"
      value="Search"
    />
  </form>
</DocumentFragment>
`;
