// Jest Snapshot v1, https://goo.gl/fbAQLP

exports[`NewTrip page matches snapshot 1`] = `<DocumentFragment />`;
