// Jest Snapshot v1, https://goo.gl/fbAQLP

exports[`Dashboard page matches snapshot 1`] = `<DocumentFragment />`;
